#-----------------------------------------------------------
# PlanAhead v14.7 (64-bit)
# Build 321239 by xbuild on Fri Sep 27 19:29:51 MDT 2013
# Start of session at: Thu Nov 19 17:01:37 2020
# Process ID: 10296
# Log file: C:/Users/prestamo/Desktop/Nueva carpeta/ControlServoMotor/LabSemana15/planAhead_run_2/planAhead.log
# Journal file: C:/Users/prestamo/Desktop/Nueva carpeta/ControlServoMotor/LabSemana15/planAhead_run_2/planAhead.jou
#-----------------------------------------------------------
start_gui
source {C:/Users/prestamo/Desktop/Nueva carpeta/ControlServoMotor/LabSemana15/pa.fromHdl.tcl}
update_compile_order -fileset sim_1
set_property pulltype NONE [get_ports [list C]]
set_property pulltype NONE [get_ports [list D]]
startgroup
set_property package_pin A15 [get_ports {ESTADOS[0]}]
endgroup
startgroup
set_property package_pin F9 [get_ports {ESTADOS[2]}]
endgroup
startgroup
set_property package_pin D11 [get_ports {ESTADOS[0]}]
endgroup
startgroup
set_property package_pin H13 [get_ports D]
endgroup
startgroup
set_property package_pin F12 [get_ports CA]
endgroup
startgroup
set_property package_pin A6 [get_ports C]
endgroup
startgroup
set_property package_pin D18 [get_ports D]
endgroup
startgroup
set_property package_pin H13 [get_ports C]
endgroup
startgroup
set_property package_pin A10 [get_ports CA]
endgroup
startgroup
set_property package_pin F12 [get_ports P]
endgroup
save_constraints
